// Jest Snapshot v1, https://goo.gl/fbAQLP

exports[`Cascader renders basic Cascader correctly 1`] = `
<ContextConsumer>
  <Component />
</ContextConsumer>
`;

exports[`Cascader renders basic Cascader with props changeOnSelect correctly 1`] = `
<ContextConsumer>
  <Component />
</ContextConsumer>
`;

exports[`Cascader renders basic Cascader with props children correctly 1`] = `
<div>
  <LocaleReceiver
    expandTrigger="hover"
    options={
      Array [
        Object {
          "children": Array [
            Object {
              "children": Array [
                Object {
                  "label": "西湖区",
                  "value": "xihu",
                },
                Object {
                  "label": "上城区",
                  "value": "shangcheng",
                },
              ],
              "label": "杭州市",
              "value": "hangzhou",
            },
          ],
          "disabled": true,
          "label": "浙江省",
          "value": "zhejiang",
        },
        Object {
          "children": Array [
            Object {
              "label": "浦东新区",
              "value": "pudong",
            },
            Object {
              "label": "徐汇区",
              "value": "xuhui",
            },
          ],
          "label": "上海市",
          "value": "shanghai",
        },
      ]
    }
  >
    <a
      href="javascript:;"
    >
      选择地区
    </a>
  </LocaleReceiver>
</div>
`;

exports[`Cascader renders basic Cascader with props expandTrigger correctly 1`] = `
<ContextConsumer>
  <Component />
</ContextConsumer>
`;

exports[`Cascader renders basic Cascader with props fieldNames correctly 1`] = `
<ContextConsumer>
  <Component />
</ContextConsumer>
`;

exports[`Cascader renders basic Cascader with props isDisabled correctly 1`] = `
<ContextConsumer>
  <Component />
</ContextConsumer>
`;

exports[`Cascader renders basic Cascader with props isSearch correctly 1`] = `
<ContextConsumer>
  <Component />
</ContextConsumer>
`;

exports[`Cascader renders basic Cascader with props loadData correctly 1`] = `
<ContextConsumer>
  <Component />
</ContextConsumer>
`;
